C51 COMPILER V9.54   MAIN                                                                  12/03/2022 22:35:06 PAGE 1   


C51 COMPILER V9.54, COMPILATION OF MODULE MAIN
OBJECT MODULE PLACED IN .\Objects\main.obj
COMPILER INVOKED BY: E:\k51\C51\BIN\C51.EXE main.c OPTIMIZE(8,SPEED) BROWSE DEBUG OBJECTEXTEND PRINT(.\Listings\main.lst
                    -) TABS(2) OBJECT(.\Objects\main.obj)

line level    source

   1          #include <REGX52.H>
   2          
   3          void Delay500ms()   //@11.0592MHz 500ms????
   4          {
   5   1        unsigned char i, j, k;
   6   1          
   7   1        i = 4;
   8   1        j = 129;
   9   1        k = 119;
  10   1        do
  11   1        {
  12   2          do
  13   2          {
  14   3            while (--k);
  15   3          } while (--j);
  16   2        } while (--i);
  17   1      }
  18          
  19          void main()
  20          {
  21   1          while(1)
  22   1          {
  23   2            P2 = 0xFE; //1111 1110
  24   2            Delay500ms();
  25   2            P2 = 0xFD; //1111 1101
  26   2            Delay500ms();
  27   2            P2 = 0xFB; //1111 1011
  28   2            Delay500ms();
  29   2            P2 = 0xF7; //1111 0111
  30   2            Delay500ms();
  31   2            P2 = 0xEF; //1110 1111
  32   2            Delay500ms();
  33   2            P2 = 0xDF; //1101 1111
  34   2            Delay500ms();
  35   2            P2 = 0xBF; //1011 1111
  36   2            Delay500ms();
  37   2            P2 = 0x7F; //0111 1111
  38   2            Delay500ms();
  39   2          }
  40   1      }


MODULE INFORMATION:   STATIC OVERLAYABLE
   CODE SIZE        =     63    ----
   CONSTANT SIZE    =   ----    ----
   XDATA SIZE       =   ----    ----
   PDATA SIZE       =   ----    ----
   DATA SIZE        =   ----    ----
   IDATA SIZE       =   ----    ----
   BIT SIZE         =   ----    ----
END OF MODULE INFORMATION.


C51 COMPILATION COMPLETE.  0 WARNING(S),  0 ERROR(S)
